---
source: crates/textual/tests/examples_snapshot.rs
expression: canvas.to_ansi_snapshot()
---
[48;2;68;9;60m                                    [38;2;255;255;255m#cells[39m                                     [48;2;255;166;43m [0m
[48;2;68;9;60m                                                                               [48;2;255;166;43m [0m
[48;2;85;26;43m                                                                               [48;2;255;166;43m [0m
[48;2;85;26;43m                                   [38;2;255;255;255m#percent[39m                                    [48;2;255;166;43m [0m
[48;2;85;26;43m                                                                               [48;2;255;166;43m [0m
[48;2;102;51;51m                                                                               [48;2;255;166;43m [0m
[48;2;102;51;51m                                      [38;2;255;255;255m#w[39m                                       [48;2;255;166;43m [0m
[48;2;102;51;51m                                                                               [48;2;255;166;43m [0m
[48;2;102;51;51m                                                                               [48;2;255;166;43m [0m
[48;2;119;77;34m                                                                               [48;2;255;166;43m [0m
[48;2;119;77;34m                                      [38;2;255;255;255m#h[39m                                       [48;2;255;166;43m [0m
[48;2;119;77;34m                                                                               [48;2;255;166;43m [0m
[48;2;119;111;0m                                                                               [48;2;255;166;43m [0m
[48;2;119;111;0m                                                                               [48;2;255;166;43m [0m
[48;2;119;111;0m                                      [38;2;255;255;255m#vw[39m                                      [48;2;255;166;43m [0m
[48;2;119;111;0m                                                                               [48;2;255;166;43m [0m
[48;2;119;111;0m                                                                               [48;2;255;166;43m [0m
[48;2;77;111;43m                                                                               [48;2;255;166;43m [0m
[48;2;77;111;43m                                      [38;2;255;255;255m#vh[39m                                      [48;2;255;166;43m [0m
[48;2;77;111;43m                                                                               [48;2;255;166;43m [0m
[48;2;34;111;68m                                     [38;2;255;255;255m#auto[39m                                     [48;2;255;166;43m [0m
[48;2;17;102;94m                                     [38;2;255;255;255m#fr1[39m                                      [48;2;255;166;43m [0m
[48;2;0;94;102m                                     [38;2;255;255;255m#fr2[39m                                      [48;2;255;166;43m [0m
[48;2;0;94;102m                                                                               [48;2;255;166;43m [0m
