---
source: crates/textual/tests/examples_snapshot.rs
assertion_line: 600
expression: canvas.to_snapshot()
---


  ▏ Border title       ▕          ╭─Left, ─╮              ▁▁▁▁▁▁Left▁▁▁▁▁▁
  ▏This is the story of▕          │a Python│              ▎developer that▊
  ▏ Border subtitle    ▕          ╰─Center─╯              ▔▔▔▔▔▔@@@▔▔▔▔▔▔▔





     +--------------+                                  ─Title─────────────────
     |had to fill up|             nine labels          and ended up redoing it
     +-Left---------+                                  ─Subtitle──────────────




─Title, but really───────
                                ──Title, but───          ─Title, but really─
  because the first try         had some labels          that were too long.
                                ─Subtitle, but─          ─Subtitle, but─────
─Subtitle, but really────
