---
source: crates/textual/tests/examples_snapshot.rs
expression: canvas.to_ansi_snapshot()
---
[48;2;18;18;18m                                                                                [0m
[48;2;18;18;18m                                                                                [0m
[48;2;18;18;18m                                                                                [0m
[48;2;18;18;18m                                                                                [0m
[48;2;18;18;18m                                                                                [0m
[48;2;18;18;18m                                                                                [0m
[48;2;18;18;18m                        [38;2;255;0;0m┏━[0m[1m[38;2;0;128;0m[48;2;255;255;255m Textual Rocks [0m[38;2;255;0;0m[48;2;18;18;18m━━━━━━━━━━━━━┓[39m                         [0m
[48;2;18;18;18m                        [38;2;255;0;0m┃[39m                             [38;2;255;0;0m┃[39m                         [0m
[48;2;18;18;18m                        [38;2;255;0;0m┃[39m                             [38;2;255;0;0m┃[39m                         [0m
[48;2;18;18;18m                        [38;2;255;0;0m┃[39m                             [38;2;255;0;0m┃[39m                         [0m
[48;2;18;18;18m                        [38;2;255;0;0m┃[39m                             [38;2;255;0;0m┃[39m                         [0m
[48;2;18;18;18m                        [38;2;255;0;0m┃[39m        Hello, World!        [38;2;255;0;0m┃[39m                         [0m
[48;2;18;18;18m                        [38;2;255;0;0m┃[39m                             [38;2;255;0;0m┃[39m                         [0m
[48;2;18;18;18m                        [38;2;255;0;0m┃[39m                             [38;2;255;0;0m┃[39m                         [0m
[48;2;18;18;18m                        [38;2;255;0;0m┃[39m                             [38;2;255;0;0m┃[39m                         [0m
[48;2;18;18;18m                        [38;2;255;0;0m┃[39m                             [38;2;255;0;0m┃[39m                         [0m
[48;2;18;18;18m                        [38;2;255;0;0m┗━━━━━━━━━━━━━[0m[3m[38;2;255;0;255m[48;2;255;255;0m Textual Rocks [0m[38;2;255;0;0m[48;2;18;18;18m━┛[39m                         [0m
[48;2;18;18;18m                                                                                [0m
[48;2;18;18;18m                                                                                [0m
[48;2;18;18;18m                                                                                [0m
[48;2;18;18;18m                                                                                [0m
[48;2;18;18;18m                                                                                [0m
[48;2;18;18;18m                                                                                [0m
[48;2;18;18;18m                                                                                [0m
