---
source: crates/textual/tests/examples_snapshot.rs
expression: canvas.to_snapshot()
---
┌────────────────────────┐┌─────────────────────────┐┌─────────────────────────┐
│                        ││                         ││                         │
│                        ││                         ││                         │
│           1            ││            2            ││            3            │
│                        ││                         ││                         │
│                        ││                         ││                         │
│                        ││                         ││                         │
└────────────────────────┘└─────────────────────────┘└─────────────────────────┘
┌────────────────────────┐┌─────────────────────────┐┌─────────────────────────┐
│                        ││                         ││                         │
│                        ││                         ││                         │
│           4            ││            5            ││            6            │
│                        ││                         ││                         │
│                        ││                         ││                         │
│                        ││                         ││                         │
└────────────────────────┘└─────────────────────────┘└─────────────────────────┘
┌────────────────────────┐┌─────────────────────────┐┌─────────────────────────┐
│                        ││                         ││                         │
│                        ││                         ││                         │
│           7            ││            8            ││            9            │
│                        ││                         ││                         │
│                        ││                         ││                         │
│                        ││                         ││                         │
└────────────────────────┘└─────────────────────────┘└─────────────────────────┘
