---
source: crates/textual/tests/examples_snapshot.rs
expression: canvas.to_snapshot()
---
╭──────────╮╭──────────────╮╭──────────────────────╮╭──────────╮╭──────────────╮
│   1fr    ││  width = 16  ││         2fr          ││   1fr    ││  width = 16  │
│          ││              ││                      ││          ││              │
│          ││              ││                      ││          ││              │
│          ││              ││                      ││          ││              │
│          ││              ││                      ││          ││              │
│          ││              ││                      ││          ││              │
│          ││              ││                      ││          ││              │
│          ││              ││                      ││          ││              │
│          ││              ││                      ││          ││              │
│          ││              ││                      ││          ││              │
╰──────────╯╰──────────────╯╰──────────────────────╯╰──────────╯╰──────────────╯
╭──────────╮╭──────────────╮╭──────────────────────╮╭──────────╮╭──────────────╮
│   1fr    ││  width = 16  ││         2fr          ││   1fr    ││  width = 16  │
│          ││              ││                      ││          ││              │
│          ││              ││                      ││          ││              │
│          ││              ││                      ││          ││              │
│          ││              ││                      ││          ││              │
│          ││              ││                      ││          ││              │
│          ││              ││                      ││          ││              │
│          ││              ││                      ││          ││              │
│          ││              ││                      ││          ││              │
│          ││              ││                      ││          ││              │
╰──────────╯╰──────────────╯╰──────────────────────╯╰──────────╯╰──────────────╯
