---
source: crates/textual/tests/examples_snapshot.rs
expression: canvas.to_snapshot()
---
 ┌────────────────────────────────────────────────────────────────────────────┐
 │                                                                            │
 │                        My subtitle is on the left.                         │
 │                                                                            │
 └─ < Left ───────────────────────────────────────────────────────────────────┘

 ┏╍╍╍╍╍╍╍╍╍╍╍╍╍╍╍╍╍╍╍╍╍╍╍╍╍╍╍╍╍╍╍╍╍╍╍╍╍╍╍╍╍╍╍╍╍╍╍╍╍╍╍╍╍╍╍╍╍╍╍╍╍╍╍╍╍╍╍╍╍╍╍╍╍╍╍╍┓
 ╏                                                                            ╏
 ╏                          My subtitle is centered                           ╏
 ╏                                                                            ╏
 ┗╍╍╍╍╍╍╍╍╍╍╍╍╍╍╍╍╍╍╍╍╍╍╍╍╍╍╍╍╍╍╍╍ Centered! ╍╍╍╍╍╍╍╍╍╍╍╍╍╍╍╍╍╍╍╍╍╍╍╍╍╍╍╍╍╍╍╍╍┛

 ▊▔▔▔▔▔▔▔▔▔▔▔▔▔▔▔▔▔▔▔▔▔▔▔▔▔▔▔▔▔▔▔▔▔▔▔▔▔▔▔▔▔▔▔▔▔▔▔▔▔▔▔▔▔▔▔▔▔▔▔▔▔▔▔▔▔▔▔▔▔▔▔▔▔▔▔▔▎
 ▊                                                                            ▎
 ▊                        My subtitle is on the right                         ▎
 ▊                                                                            ▎
 ▊▁▁▁▁▁▁▁▁▁▁▁▁▁▁▁▁▁▁▁▁▁▁▁▁▁▁▁▁▁▁▁▁▁▁▁▁▁▁▁▁▁▁▁▁▁▁▁▁▁▁▁▁▁▁▁▁▁▁▁▁▁▁▁▁▁▁ Right > ▁▎
