---
source: crates/textual/tests/examples_snapshot.rs
expression: canvas.to_snapshot()
---
┌──────────────────────────┬─────────────────────────┬─────────────────────────┐
│                          │                         │                         │
│                          │                         │                         │
│                          │                         │                         │
│                          │                         │                         │
│                          │                         │                         │
│                          │                         │                         │
│                          │                         │                         │
│                          │                         │                         │
│                          │                         │                         │
│                          │                         │                         │
│       Placeholder        │       Placeholder       │       Placeholder       │
│                          │                         │                         │
│                          │                         │                         │
│                          │                         │                         │
│                          │                         │                         │
│                          │                         │                         │
│                          │                         │                         │
│                          │                         │                         │
│                          │                         │                         │
│                          │                         │                         │
│                          │                         │                         │
│                          │                         │                         │
└──────────────────────────┴─────────────────────────┴─────────────────────────┘
