---
source: crates/textual/tests/examples_snapshot.rs
expression: canvas.to_ansi_snapshot()
---
[38;2;0;0;0m[48;2;0;0;0m▛▀▀▀▀▀▀▀▀▀▀▀▀▀▀▀▀▀▀▀▀▀▀▀▀▀▀▀▀▀▀▀▀▀▀▀▀▀▀▀▀▀▀▀▀▀▀▀▀▀▀▀▀▀▀▀▀▀▀▀▀▀▀▀▀▀▀▀▀▀▀▀▀▀▀▀▀▀▀▜[0m
[38;2;0;0;0m[48;2;0;0;0m▌                                 opacity: 0%                                  ▐[0m
[38;2;0;0;0m[48;2;0;0;0m▌                                                                              ▐[0m
[38;2;0;0;0m[48;2;0;0;0m▙▄▄▄▄▄▄▄▄▄▄▄▄▄▄▄▄▄▄▄▄▄▄▄▄▄▄▄▄▄▄▄▄▄▄▄▄▄▄▄▄▄▄▄▄▄▄▄▄▄▄▄▄▄▄▄▄▄▄▄▄▄▄▄▄▄▄▄▄▄▄▄▄▄▄▄▄▄▄▟[0m
[38;2;2;9;16m[48;2;2;11;11m▛▀▀▀▀▀▀▀▀▀▀▀▀▀▀▀▀▀▀▀▀▀▀▀▀▀▀▀▀▀▀▀▀▀▀▀▀▀▀▀▀▀▀▀▀▀▀▀▀▀▀▀▀▀▀▀▀▀▀▀▀▀▀▀▀▀▀▀▀▀▀▀▀▀▀▀▀▀▀▜[0m
[38;2;2;9;16m[48;2;2;11;11m▌[38;2;64;64;64m                                                                              [38;2;2;9;16m▐[0m
[38;2;2;9;16m[48;2;2;11;11m▌[38;2;64;64;64m                                 opacity: 25%                                 [38;2;2;9;16m▐[0m
[38;2;2;9;16m[48;2;2;11;11m▌[38;2;64;64;64m                                                                              [38;2;2;9;16m▐[0m
[38;2;2;9;16m[48;2;2;11;11m▙▄▄▄▄▄▄▄▄▄▄▄▄▄▄▄▄▄▄▄▄▄▄▄▄▄▄▄▄▄▄▄▄▄▄▄▄▄▄▄▄▄▄▄▄▄▄▄▄▄▄▄▄▄▄▄▄▄▄▄▄▄▄▄▄▄▄▄▄▄▄▄▄▄▄▄▄▄▄▟[0m
[38;2;8;36;64m[48;2;8;45;43m▛▀▀▀▀▀▀▀▀▀▀▀▀▀▀▀▀▀▀▀▀▀▀▀▀▀▀▀▀▀▀▀▀▀▀▀▀▀▀▀▀▀▀▀▀▀▀▀▀▀▀▀▀▀▀▀▀▀▀▀▀▀▀▀▀▀▀▀▀▀▀▀▀▀▀▀▀▀▀▜[0m
[38;2;8;36;64m[48;2;8;45;43m▌[38;2;128;128;128m                                                                              [38;2;8;36;64m▐[0m
[38;2;8;36;64m[48;2;8;45;43m▌[38;2;128;128;128m                                 opacity: 50%                                 [38;2;8;36;64m▐[0m
[38;2;8;36;64m[48;2;8;45;43m▌[38;2;128;128;128m                                                                              [38;2;8;36;64m▐[0m
[38;2;8;36;64m[48;2;8;45;43m▙▄▄▄▄▄▄▄▄▄▄▄▄▄▄▄▄▄▄▄▄▄▄▄▄▄▄▄▄▄▄▄▄▄▄▄▄▄▄▄▄▄▄▄▄▄▄▄▄▄▄▄▄▄▄▄▄▄▄▄▄▄▄▄▄▄▄▄▄▄▄▄▄▄▄▄▄▄▄▟[0m
[38;2;17;81;143m[48;2;18;100;96m▛▀▀▀▀▀▀▀▀▀▀▀▀▀▀▀▀▀▀▀▀▀▀▀▀▀▀▀▀▀▀▀▀▀▀▀▀▀▀▀▀▀▀▀▀▀▀▀▀▀▀▀▀▀▀▀▀▀▀▀▀▀▀▀▀▀▀▀▀▀▀▀▀▀▀▀▀▀▀▜[0m
[38;2;17;81;143m[48;2;18;100;96m▌[38;2;191;191;191m                                                                              [38;2;17;81;143m▐[0m
[38;2;17;81;143m[48;2;18;100;96m▌[38;2;191;191;191m                                 opacity: 75%                                 [38;2;17;81;143m▐[0m
[38;2;17;81;143m[48;2;18;100;96m▌[38;2;191;191;191m                                                                              [38;2;17;81;143m▐[0m
[38;2;17;81;143m[48;2;18;100;96m▙▄▄▄▄▄▄▄▄▄▄▄▄▄▄▄▄▄▄▄▄▄▄▄▄▄▄▄▄▄▄▄▄▄▄▄▄▄▄▄▄▄▄▄▄▄▄▄▄▄▄▄▄▄▄▄▄▄▄▄▄▄▄▄▄▄▄▄▄▄▄▄▄▄▄▄▄▄▄▟[0m
[38;2;30;144;255m[48;2;32;178;170m▛▀▀▀▀▀▀▀▀▀▀▀▀▀▀▀▀▀▀▀▀▀▀▀▀▀▀▀▀▀▀▀▀▀▀▀▀▀▀▀▀▀▀▀▀▀▀▀▀▀▀▀▀▀▀▀▀▀▀▀▀▀▀▀▀▀▀▀▀▀▀▀▀▀▀▀▀▀▀▜[0m
[38;2;30;144;255m[48;2;32;178;170m▌[39m                                                                              [38;2;30;144;255m▐[0m
[38;2;30;144;255m[48;2;32;178;170m▌[39m                                opacity: 100%                                 [38;2;30;144;255m▐[0m
[38;2;30;144;255m[48;2;32;178;170m▌[39m                                                                              [38;2;30;144;255m▐[0m
[38;2;30;144;255m[48;2;32;178;170m▙▄▄▄▄▄▄▄▄▄▄▄▄▄▄▄▄▄▄▄▄▄▄▄▄▄▄▄▄▄▄▄▄▄▄▄▄▄▄▄▄▄▄▄▄▄▄▄▄▄▄▄▄▄▄▄▄▄▄▄▄▄▄▄▄▄▄▄▄▄▄▄▄▄▄▄▄▄▄▟[0m
