---
source: crates/textual/tests/examples_snapshot.rs
expression: canvas.to_ansi_snapshot()
---
[38;2;255;0;0m[48;2;18;18;18m                                                                                [0m
[38;2;255;0;0m[48;2;18;18;18m                                                                                [0m
[38;2;255;0;0m[48;2;18;18;18m                                                                                [0m
[38;2;255;0;0m[48;2;18;18;18m                                    I'm red!                                    [0m
[38;2;255;0;0m[48;2;18;18;18m                                                                                [0m
[38;2;255;0;0m[48;2;18;18;18m                                                                                [0m
[38;2;255;0;0m[48;2;18;18;18m                                                                                [0m
[38;2;255;0;0m[48;2;18;18;18m                                                                                [0m
[38;2;0;255;0m[48;2;18;18;18m                                                                                [0m
[38;2;0;255;0m[48;2;18;18;18m                                                                                [0m
[38;2;0;255;0m[48;2;18;18;18m                                                                                [0m
[38;2;0;255;0m[48;2;18;18;18m                              I'm rgb(0, 255, 0)!                               [0m
[38;2;0;255;0m[48;2;18;18;18m                                                                                [0m
[38;2;0;255;0m[48;2;18;18;18m                                                                                [0m
[38;2;0;255;0m[48;2;18;18;18m                                                                                [0m
[38;2;0;255;0m[48;2;18;18;18m                                                                                [0m
[38;2;0;0;255m[48;2;18;18;18m                                                                                [0m
[38;2;0;0;255m[48;2;18;18;18m                                                                                [0m
[38;2;0;0;255m[48;2;18;18;18m                                                                                [0m
[38;2;0;0;255m[48;2;18;18;18m                            I'm hsl(240, 100%, 50%)!                            [0m
[38;2;0;0;255m[48;2;18;18;18m                                                                                [0m
[38;2;0;0;255m[48;2;18;18;18m                                                                                [0m
[38;2;0;0;255m[48;2;18;18;18m                                                                                [0m
[38;2;0;0;255m[48;2;18;18;18m                                                                                [0m
