---
source: crates/textual/tests/examples_snapshot.rs
expression: canvas.to_ansi_snapshot()
---
[38;2;0;0;0m[48;2;0;0;0m▛▀▀▀▀▀▀▀▀▀▀▀▀▀▀▀▀▀▀▀▀▀▀▀▀▀▀▀▀▀▀▀▀▀▀▀▀▀▀▀▀▀▀▀▀▀▀▀▀▀▀▀▀▀▀▀▀▀▀▀▀▀▀▀▀▀▀▀▀▀▀▀▀▀▀▀▀▀▀▜[0m
[38;2;0;0;0m[48;2;0;0;0m▌                                 [0m[1m[38;2;0;0;0m[48;2;0;0;0mopacity: 0%[0m[38;2;0;0;0m[48;2;0;0;0m                                  ▐[0m
[38;2;0;0;0m[48;2;0;0;0m▌                                                                              ▐[0m
[38;2;0;0;0m[48;2;0;0;0m▙▄▄▄▄▄▄▄▄▄▄▄▄▄▄▄▄▄▄▄▄▄▄▄▄▄▄▄▄▄▄▄▄▄▄▄▄▄▄▄▄▄▄▄▄▄▄▄▄▄▄▄▄▄▄▄▄▄▄▄▄▄▄▄▄▄▄▄▄▄▄▄▄▄▄▄▄▄▄▟[0m
[38;2;1;9;15m[48;2;2;11;10m▛▀▀▀▀▀▀▀▀▀▀▀▀▀▀▀▀▀▀▀▀▀▀▀▀▀▀▀▀▀▀▀▀▀▀▀▀▀▀▀▀▀▀▀▀▀▀▀▀▀▀▀▀▀▀▀▀▀▀▀▀▀▀▀▀▀▀▀▀▀▀▀▀▀▀▀▀▀▀▜[0m
[38;2;1;9;15m[48;2;2;11;10m▌[38;2;56;56;56m                                                                              [38;2;1;9;15m▐[0m
[38;2;1;9;15m[48;2;2;11;10m▌[38;2;56;56;56m                                 [0m[1m[38;2;56;56;56m[48;2;2;11;10mopacity: 25%[0m[38;2;56;56;56m[48;2;2;11;10m                                 [38;2;1;9;15m▐[0m
[38;2;1;9;15m[48;2;2;11;10m▌[38;2;56;56;56m                                                                              [38;2;1;9;15m▐[0m
[38;2;1;9;15m[48;2;2;11;10m▙▄▄▄▄▄▄▄▄▄▄▄▄▄▄▄▄▄▄▄▄▄▄▄▄▄▄▄▄▄▄▄▄▄▄▄▄▄▄▄▄▄▄▄▄▄▄▄▄▄▄▄▄▄▄▄▄▄▄▄▄▄▄▄▄▄▄▄▄▄▄▄▄▄▄▄▄▄▄▟[0m
[38;2;7;36;63m[48;2;8;44;42m▛▀▀▀▀▀▀▀▀▀▀▀▀▀▀▀▀▀▀▀▀▀▀▀▀▀▀▀▀▀▀▀▀▀▀▀▀▀▀▀▀▀▀▀▀▀▀▀▀▀▀▀▀▀▀▀▀▀▀▀▀▀▀▀▀▀▀▀▀▀▀▀▀▀▀▀▀▀▀▜[0m
[38;2;7;36;63m[48;2;8;44;42m▌[38;2;112;112;112m                                                                              [38;2;7;36;63m▐[0m
[38;2;7;36;63m[48;2;8;44;42m▌[38;2;112;112;112m                                 [0m[1m[38;2;112;112;112m[48;2;8;44;42mopacity: 50%[0m[38;2;112;112;112m[48;2;8;44;42m                                 [38;2;7;36;63m▐[0m
[38;2;7;36;63m[48;2;8;44;42m▌[38;2;112;112;112m                                                                              [38;2;7;36;63m▐[0m
[38;2;7;36;63m[48;2;8;44;42m▙▄▄▄▄▄▄▄▄▄▄▄▄▄▄▄▄▄▄▄▄▄▄▄▄▄▄▄▄▄▄▄▄▄▄▄▄▄▄▄▄▄▄▄▄▄▄▄▄▄▄▄▄▄▄▄▄▄▄▄▄▄▄▄▄▄▄▄▄▄▄▄▄▄▄▄▄▄▄▟[0m
[38;2;16;81;143m[48;2;18;100;95m▛▀▀▀▀▀▀▀▀▀▀▀▀▀▀▀▀▀▀▀▀▀▀▀▀▀▀▀▀▀▀▀▀▀▀▀▀▀▀▀▀▀▀▀▀▀▀▀▀▀▀▀▀▀▀▀▀▀▀▀▀▀▀▀▀▀▀▀▀▀▀▀▀▀▀▀▀▀▀▜[0m
[38;2;16;81;143m[48;2;18;100;95m▌[38;2;168;168;168m                                                                              [38;2;16;81;143m▐[0m
[38;2;16;81;143m[48;2;18;100;95m▌[38;2;168;168;168m                                 [0m[1m[38;2;168;168;168m[48;2;18;100;95mopacity: 75%[0m[38;2;168;168;168m[48;2;18;100;95m                                 [38;2;16;81;143m▐[0m
[38;2;16;81;143m[48;2;18;100;95m▌[38;2;168;168;168m                                                                              [38;2;16;81;143m▐[0m
[38;2;16;81;143m[48;2;18;100;95m▙▄▄▄▄▄▄▄▄▄▄▄▄▄▄▄▄▄▄▄▄▄▄▄▄▄▄▄▄▄▄▄▄▄▄▄▄▄▄▄▄▄▄▄▄▄▄▄▄▄▄▄▄▄▄▄▄▄▄▄▄▄▄▄▄▄▄▄▄▄▄▄▄▄▄▄▄▄▄▟[0m
[38;2;30;144;255m[48;2;32;178;170m▛▀▀▀▀▀▀▀▀▀▀▀▀▀▀▀▀▀▀▀▀▀▀▀▀▀▀▀▀▀▀▀▀▀▀▀▀▀▀▀▀▀▀▀▀▀▀▀▀▀▀▀▀▀▀▀▀▀▀▀▀▀▀▀▀▀▀▀▀▀▀▀▀▀▀▀▀▀▀▜[0m
[38;2;30;144;255m[48;2;32;178;170m▌[38;2;224;224;224m                                                                              [38;2;30;144;255m▐[0m
[38;2;30;144;255m[48;2;32;178;170m▌[38;2;224;224;224m                                [0m[1m[38;2;224;224;224m[48;2;32;178;170mopacity: 100%[0m[38;2;224;224;224m[48;2;32;178;170m                                 [38;2;30;144;255m▐[0m
[38;2;30;144;255m[48;2;32;178;170m▌[38;2;224;224;224m                                                                              [38;2;30;144;255m▐[0m
[38;2;30;144;255m[48;2;32;178;170m▙▄▄▄▄▄▄▄▄▄▄▄▄▄▄▄▄▄▄▄▄▄▄▄▄▄▄▄▄▄▄▄▄▄▄▄▄▄▄▄▄▄▄▄▄▄▄▄▄▄▄▄▄▄▄▄▄▄▄▄▄▄▄▄▄▄▄▄▄▄▄▄▄▄▄▄▄▄▄▟[0m
