---
source: crates/textual/tests/examples_snapshot.rs
assertion_line: 133
expression: canvas.to_snapshot()
---






                    ┏━━━━━━━━━━━━━━━━━━━━━━━━━━━━━━━━━━━━━━┓
                    ┃                                      ┃
                    ┃ Vertical alignment with Textual      ┃
                    ┃                                      ┃
                    ┗━━━━━━━━━━━━━━━━━━━━━━━━━━━━━━━━━━━━━━┛

                    ┏━━━━━━━━━━━━━━━━━━━━━━━━━━━━━━━━━━━━━━┓
                    ┃                                      ┃
                    ┃ Take note, browsers.                 ┃
                    ┃                                      ┃
                    ┗━━━━━━━━━━━━━━━━━━━━━━━━━━━━━━━━━━━━━━┛
