---
source: crates/textual/tests/examples_snapshot.rs
expression: canvas.to_snapshot()
---
╭──────────────────────────────────────╮╭──────────────────────────────────────╮
│                                      ││                                      │
│                  1                   ││                  2                   │
│                                      ││                                      │
│                                      ││                                      │
╰──────────────────────────────────────╯╰──────────────────────────────────────╯
╭──────────────────────────────────────╮╭──────────────────────────────────────╮
│                                      ││                                      │
│                  3                   ││                  4                   │
│                                      ││                                      │
│                                      ││                                      │
╰──────────────────────────────────────╯╰──────────────────────────────────────╯
╭──────────────────────────────────────╮
│                                      │
│                  5                   │
│                                      │
│                                      │
╰──────────────────────────────────────╯
