---
source: crates/textual/tests/examples_snapshot.rs
expression: canvas.to_snapshot()
---
┌─ cross ──────┐┌─ horizontal ─┐┌─ custom ─────┐┌─ left ───────┐┌─ right ──────┐
│╳╳╳╳╳╳╳╳╳╳╳╳╳╳││──────────────││TTTTTTTTTTTTTT││╲╲╲╲╲╲╲╲╲╲╲╲╲╲││╱╱╱╱╱╱╱╱╱╱╱╱╱╱│
│╳╳╳╳╳╳╳╳╳╳╳╳╳╳││──────────────││TTTTTTTTTTTTTT││╲╲╲╲╲╲╲╲╲╲╲╲╲╲││╱╱╱╱╱╱╱╱╱╱╱╱╱╱│
│╳╳╳╳╳╳╳╳╳╳╳╳╳╳││──────────────││TTTTTTTTTTTTTT││╲╲╲╲╲╲╲╲╲╲╲╲╲╲││╱╱╱╱╱╱╱╱╱╱╱╱╱╱│
│╳╳╳╳╳╳╳╳╳╳╳╳╳╳││──────────────││TTTTTTTTTTTTTT││╲╲╲╲╲╲╲╲╲╲╲╲╲╲││╱╱╱╱╱╱╱╱╱╱╱╱╱╱│
│╳╳╳╳╳╳╳╳╳╳╳╳╳╳││──────────────││TTTTTTTTTTTTTT││╲╲╲╲╲╲╲╲╲╲╲╲╲╲││╱╱╱╱╱╱╱╱╱╱╱╱╱╱│
│╳╳╳╳╳╳╳╳╳╳╳╳╳╳││──────────────││TTTTTTTTTTTTTT││╲╲╲╲╲╲╲╲╲╲╲╲╲╲││╱╱╱╱╱╱╱╱╱╱╱╱╱╱│
│╳╳╳╳╳╳╳╳╳╳╳╳╳╳││──────────────││TTTTTTTTTTTTTT││╲╲╲╲╲╲╲╲╲╲╲╲╲╲││╱╱╱╱╱╱╱╱╱╱╱╱╱╱│
│╳╳╳╳╳╳╳╳╳╳╳╳╳╳││──────────────││TTTTTTTTTTTTTT││╲╲╲╲╲╲╲╲╲╲╲╲╲╲││╱╱╱╱╱╱╱╱╱╱╱╱╱╱│
│╳╳╳╳╳╳╳╳╳╳╳╳╳╳││──────────────││TTTTTTTTTTTTTT││╲╲╲╲╲╲╲╲╲╲╲╲╲╲││╱╱╱╱╱╱╱╱╱╱╱╱╱╱│
│╳╳╳╳╳╳╳╳╳╳╳╳╳╳││──────────────││TTTTTTTTTTTTTT││╲╲╲╲╲╲╲╲╲╲╲╲╲╲││╱╱╱╱╱╱╱╱╱╱╱╱╱╱│
│╳╳╳╳╳╳╳╳╳╳╳╳╳╳││──────────────││TTTTTTTTTTTTTT││╲╲╲╲╲╲╲╲╲╲╲╲╲╲││╱╱╱╱╱╱╱╱╱╱╱╱╱╱│
│╳╳╳╳╳╳╳╳╳╳╳╳╳╳││──────────────││TTTTTTTTTTTTTT││╲╲╲╲╲╲╲╲╲╲╲╲╲╲││╱╱╱╱╱╱╱╱╱╱╱╱╱╱│
│╳╳╳╳╳╳╳╳╳╳╳╳╳╳││──────────────││TTTTTTTTTTTTTT││╲╲╲╲╲╲╲╲╲╲╲╲╲╲││╱╱╱╱╱╱╱╱╱╱╱╱╱╱│
│╳╳╳╳╳╳╳╳╳╳╳╳╳╳││──────────────││TTTTTTTTTTTTTT││╲╲╲╲╲╲╲╲╲╲╲╲╲╲││╱╱╱╱╱╱╱╱╱╱╱╱╱╱│
│╳╳╳╳╳╳╳╳╳╳╳╳╳╳││──────────────││TTTTTTTTTTTTTT││╲╲╲╲╲╲╲╲╲╲╲╲╲╲││╱╱╱╱╱╱╱╱╱╱╱╱╱╱│
│╳╳╳╳╳╳╳╳╳╳╳╳╳╳││──────────────││TTTTTTTTTTTTTT││╲╲╲╲╲╲╲╲╲╲╲╲╲╲││╱╱╱╱╱╱╱╱╱╱╱╱╱╱│
│╳╳╳╳╳╳╳╳╳╳╳╳╳╳││──────────────││TTTTTTTTTTTTTT││╲╲╲╲╲╲╲╲╲╲╲╲╲╲││╱╱╱╱╱╱╱╱╱╱╱╱╱╱│
│╳╳╳╳╳╳╳╳╳╳╳╳╳╳││──────────────││TTTTTTTTTTTTTT││╲╲╲╲╲╲╲╲╲╲╲╲╲╲││╱╱╱╱╱╱╱╱╱╱╱╱╱╱│
│╳╳╳╳╳╳╳╳╳╳╳╳╳╳││──────────────││TTTTTTTTTTTTTT││╲╲╲╲╲╲╲╲╲╲╲╲╲╲││╱╱╱╱╱╱╱╱╱╱╱╱╱╱│
│╳╳╳╳╳╳╳╳╳╳╳╳╳╳││──────────────││TTTTTTTTTTTTTT││╲╲╲╲╲╲╲╲╲╲╲╲╲╲││╱╱╱╱╱╱╱╱╱╱╱╱╱╱│
│╳╳╳╳╳╳╳╳╳╳╳╳╳╳││──────────────││TTTTTTTTTTTTTT││╲╲╲╲╲╲╲╲╲╲╲╲╲╲││╱╱╱╱╱╱╱╱╱╱╱╱╱╱│
│╳╳╳╳╳╳╳╳╳╳╳╳╳╳││──────────────││TTTTTTTTTTTTTT││╲╲╲╲╲╲╲╲╲╲╲╲╲╲││╱╱╱╱╱╱╱╱╱╱╱╱╱╱│
└──────────────┘└──────────────┘└──────────────┘└──────────────┘└──────────────┘
