---
source: crates/textual/tests/examples_snapshot.rs
expression: canvas.to_snapshot()
---
   ┏━━━━━━━━━━━━━━━━━━━━━━━━━━━━━━━━━━━━━━━━━━━━━━━┳━━━━━━━━━━━━━━━━━━━━━━━━┓
   ┃                                               ┃                        ┃
   ┃                                               ┃                        ┃
   ┃                     #foo                      ┃                        ┃
   ┃                                               ┃                        ┃
   ┃                                               ┃                        ┃
   ┣━━━━━━━━━━━━━━━━━━━━━━━┳━━━━━━━━━━━━━━━━━━━━━━━┫          #bar          ┃
   ┃                       ┃                       ┃                        ┃
   ┃                       ┃                       ┃                        ┃
   ┃      Placeholder      ┃                       ┃                        ┃
   ┃                       ┃                       ┃                        ┃
   ┃                       ┃                       ┃                        ┃
   ┣━━━━━━━━━━━━━━━━━━━━━━━┻━━━━━━━━━━━━━━━━━━━━━━━┻━━━━━━━━━━━━━━━━━━━━━━━━┫
   ┃                                                                        ┃
   ┃                                                                        ┃
   ┃                                  #baz                                  ┃
   ┃                                                                        ┃
   ┃                                                                        ┃
   ┃                                                                        ┃
   ┗━━━━━━━━━━━━━━━━━━━━━━━━━━━━━━━━━━━━━━━━━━━━━━━━━━━━━━━━━━━━━━━━━━━━━━━━┛
